<Sep 6, 2023 6:32:46 PM GMT> <INFO> <NodeManager> <Starting WebLogic server with command line: /u01/domains/hellodomain/bin/startWebLogic.sh >
<Sep 6, 2023 6:32:46 PM GMT> <FINEST> <NodeManager> <Environment: DOMAIN_SOURCE_TYPE=FromModel>
<Sep 6, 2023 6:32:46 PM GMT> <FINEST> <NodeManager> <Environment: PATH=/u01/jdk/jre/bin:/u01/jdk/bin:/usr/local/sbin:/usr/local/bin:/usr/sbin:/usr/bin:/sbin:/bin:/u01/jdk/bin:/u01/oracle/oracle_common/common/bin:/u01/oracle:/usr/java/default/bin:/u01/oracle/oracle_common/common/bin:>
<Sep 6, 2023 6:32:46 PM GMT> <FINEST> <NodeManager> <Environment: JAVA_PROPERTIES=-DLogFile=/scratch/logs/hello-domain/AdminServer_nodemanager.log -DNodeManagerHome=/u01/nodemanager/hellodomain/AdminServer>
<Sep 6, 2023 6:32:46 PM GMT> <FINEST> <NodeManager> <Environment: ADMIN_LISTEN_PORT=7001>
<Sep 6, 2023 6:32:46 PM GMT> <FINEST> <NodeManager> <Environment: JRE_HOME=/u01/jdk/jre>
<Sep 6, 2023 6:32:46 PM GMT> <FINEST> <NodeManager> <Environment: ADMIN_PASSWORD=>
<Sep 6, 2023 6:32:46 PM GMT> <FINEST> <NodeManager> <Environment: LD_LIBRARY_PATH=/u01/oracle/oracle_common/adr:>
<Sep 6, 2023 6:32:46 PM GMT> <FINEST> <NodeManager> <Environment: LOG_HOME_LAYOUT=Flat>
<Sep 6, 2023 6:32:46 PM GMT> <FINEST> <NodeManager> <Environment: WDT_MODEL_HOME=/aux/models>
<Sep 6, 2023 6:32:46 PM GMT> <FINEST> <NodeManager> <Environment: WDT_MODEL_SECRETS_NAME_DIR_PAIRS=__weblogic-credentials__=/weblogic-operator/secrets,__WEBLOGIC-CREDENTIALS__=/weblogic-operator/secrets>
<Sep 6, 2023 6:32:46 PM GMT> <FINEST> <NodeManager> <Environment: LOCAL_ADMIN_PORT=7001>
<Sep 6, 2023 6:32:46 PM GMT> <FINEST> <NodeManager> <Environment: PWD=/u01/nodemanager/hellodomain/AdminServer>
<Sep 6, 2023 6:32:46 PM GMT> <FINEST> <NodeManager> <Environment: SHUTDOWN_MARKER_FILE=/scratch/logs/hello-domain/AdminServer.shutdown>
<Sep 6, 2023 6:32:46 PM GMT> <FINEST> <NodeManager> <Environment: KUBERNETES_PORT_443_TCP=tcp://10.96.0.1:443>
<Sep 6, 2023 6:32:46 PM GMT> <FINEST> <NodeManager> <Environment: MEM_ARGS= >
<Sep 6, 2023 6:32:46 PM GMT> <FINEST> <NodeManager> <Environment: SERVICE_NAME=hellodomain-adminserver>
<Sep 6, 2023 6:32:46 PM GMT> <FINEST> <NodeManager> <Environment: HEALTH_SCRIPT_FILE=/u01/oracle/get_healthcheck_url.sh>
<Sep 6, 2023 6:32:46 PM GMT> <FINEST> <NodeManager> <Environment: JAVA_VM=-server>
<Sep 6, 2023 6:32:46 PM GMT> <FINEST> <NodeManager> <Environment: SERVER_OUT_FILE=/scratch/logs/hello-domain/AdminServer.out>
<Sep 6, 2023 6:32:46 PM GMT> <FINEST> <NodeManager> <Environment: USER_MEM_ARGS= >
<Sep 6, 2023 6:32:46 PM GMT> <FINEST> <NodeManager> <Environment: OLDPWD=/>
<Sep 6, 2023 6:32:46 PM GMT> <FINEST> <NodeManager> <Environment: DOMAIN_HOME=/u01/domains/hellodomain>
<Sep 6, 2023 6:32:46 PM GMT> <FINEST> <NodeManager> <Environment: INTERNAL_OPERATOR_CERT=LS0tLS1CRUdJTiBDRVJUSUZJQ0FURS0tLS0tCk1JSUVhVENDQTFHZ0F3SUJBZ0lHQVlwcTdTc3VNQTBHQ1NxR1NJYjNEUUVCQ3dVQU1INHhHakFZQmdOVkJBTU0KRVhkbFlteHZaMmxqTFc5d1pYSmhkRzl5TVFzd0NRWURWUVFHRXdKVlV6RVRNQkVHQTFVRUNBd0tRMEZNU1VaUApVazVKUVRFVk1CTUdBMVVFQnd3TVVrVkVWMDlQUkNCRFNWUlpNUkV3RHdZRFZRUUtEQWhYWldKTWIyZHBZekVVCk1CSUdBMVVFQ3d3TFJHVjJaV3h2Y0cxbGJuUXdIaGNOTWpNd09UQTJNVFF6TnpJeVdoY05Nek13T1RBek1UUXoKTnpJeVdqQitNUm93R0FZRFZRUUREQkYzWldKc2IyZHBZeTF2Y0dWeVlYUnZjakVMTUFrR0ExVUVCaE1DVlZNeApFekFSQmdOVkJBZ01Da05CVEVsR1QxSk9TVUV4RlRBVEJnTlZCQWNNREZKRlJGZFBUMFFnUTBsVVdURVJNQThHCkExVUVDZ3dJVjJWaVRHOW5hV014RkRBU0JnTlZCQXNNQzBSbGRtVnNiM0J0Wlc1ME1JSUJJREFOQmdrcWhraUcKOXcwQkFRRUZBQU9DQVEwQU1JSUJDQUtDQVFFQWxKd1VxS0hEdFg5bXB3S2pqVWo0L3psL2xFM1VlcFlJTFcwZApkSHFLYnRhcjlINDVSWXNFRzg1ZHQyZld4VlFGUURpR3FzaXR5N2dEWnY2QmY4SXprTG1RUFNMU1F0V25NKzVoCmY2TEdZL1N2ajdPZ0ErWDVMRDI2aWxHTFhhQnNxd2ttcDJtZGxzT0VFZVZRa0RXUHBoamE3UHEvMXZ3TklOSnQKa1A2czBXQm9hYUpaZ2FIK2JMUGpRUFlxb0kwWG1ja0svLzhsWS9Ya3hOaHpyWFpZbGdpU1FYaXlpMUxQVXZqRQpZQUNaRVdCUUx1NURBMEg2cFhMamU1T3QyNUdESkxMb3BBT1JjK21zbXAvZVptK3pOT0tNY2h0a0VtNzZoQjVMClFkNnBBOHlkY3I0bVFjN0RET21pMGQzcEtpaG16VE5FQVVoQXAzWXh6Wk9jYklyMXZRSUJBNk9CN2pDQjZ6QVAKQmdOVkhSTUJBZjhFQlRBREFRSC9NSUhYQmdOVkhSRUVnYzh3Z2N5Q0htbHVkR1Z5Ym1Gc0xYZGxZbXh2WjJsagpMVzl3WlhKaGRHOXlMWE4yWTRJd2FXNTBaWEp1WVd3dGQyVmliRzluYVdNdGIzQmxjbUYwYjNJdGMzWmpMblpsCmNuSmhlbnBoYm04dGMzbHpkR1Z0Z2pScGJuUmxjbTVoYkMxM1pXSnNiMmRwWXkxdmNHVnlZWFJ2Y2kxemRtTXUKZG1WeWNtRjZlbUZ1YnkxemVYTjBaVzB1YzNaamdrSnBiblJsY201aGJDMTNaV0pzYjJkcFl5MXZjR1Z5WVhSdgpjaTF6ZG1NdWRtVnljbUY2ZW1GdWJ5MXplWE4wWlcwdWMzWmpMbU5zZFhOMFpYSXViRzlqWVd3d0RRWUpLb1pJCmh2Y05BUUVMQlFBRGdnRUJBRDJtUTBtV0JPVHNpMG93MFV4eUNqbHdTQ1piV1BSaXZuaG1uUmZld1dtbm5hTkwKQksvOUQzN3ZzZGZ4eXQxWWJTT3FNT2FtZ3dRalZ2QWNHVmtHT3M1QVZGVFY2dzNjRjZaTFozcmdEZkM0MTA4QgorZTdUYWprYTFrSmFwWmluL25FcW5WOUdTb1o2RDY4MzQ3UFZvRk1vNW81bWIraUg3cE9iNm1FSkdoR3llbHRPCmJ6eU16ZkVJRUp4T2hGWjg2U1pwRGcrVVV4ZXZLcmduSDFCbW5CZDc1N3BhTGxPNEppa3M5dEZ0QThXU0tidWMKVGhiaXlOOXRFdkZUQkdVaCs4N1Zjb0x5NkMxNjVGMmJWWUczcWYyemhKMVpjbFZaUEZiUExOSVRDbFVlY2dBTApPWlp3THZpRjRlK2hnd2JRSklaU2JwOXpnc2FreUVyZUhTTkNQWVk9Ci0tLS0tRU5EIENFUlRJRklDQVRFLS0tLS0K>
<Sep 6, 2023 6:32:46 PM GMT> <FINEST> <NodeManager> <Environment: BEA_JAVA_HOME=>
<Sep 6, 2023 6:32:46 PM GMT> <FINEST> <NodeManager> <Environment: ADMINISTRATION_PORT_ENABLED=true>
<Sep 6, 2023 6:32:46 PM GMT> <FINEST> <NodeManager> <Environment: ADMIN_NAME=AdminServer>
<Sep 6, 2023 6:32:46 PM GMT> <FINEST> <NodeManager> <Environment: DEFAULT_SUN_JAVA_HOME=/u01/jdk>
<Sep 6, 2023 6:32:46 PM GMT> <FINEST> <NodeManager> <Environment: JAVA_OPTIONS=-Dweblogic.system.BootIdentityFile=/u01/domains/hellodomain/servers/AdminServer/security/boot.properties -Dweblogic.nodemanager.ServiceEnabled=true -Dweblogic.nmservice.RotationEnabled=true -Djava.security.egd=file:/dev/./urandom -Xms64m -Xmx256m   -Dweblogic.Stdout=/scratch/logs/hello-domain/AdminServer.out -XX:+CrashOnOutOfMemoryError -Dweblogic.StdoutDebugEnabled=false>
<Sep 6, 2023 6:32:46 PM GMT> <FINEST> <NodeManager> <Environment: KUBERNETES_SERVICE_PORT_HTTPS=443>
<Sep 6, 2023 6:32:46 PM GMT> <FINEST> <NodeManager> <Environment: SHUTDOWN_IGNORE_SESSIONS=false>
<Sep 6, 2023 6:32:46 PM GMT> <FINEST> <NodeManager> <Environment: ADMIN_USERNAME=>
<Sep 6, 2023 6:32:46 PM GMT> <FINEST> <NodeManager> <Environment: SHLVL=2>
<Sep 6, 2023 6:32:46 PM GMT> <FINEST> <NodeManager> <Environment: ADMIN_PORT=7001>
<Sep 6, 2023 6:32:46 PM GMT> <FINEST> <NodeManager> <Environment: SECURITY_JVM_ARGS=-Dweblogic.alternateTypesDirectory='/u01/oracle/wlserver/..'/oracle_common/modules/oracle.oamprovider,'/u01/oracle/wlserver/..'/oracle_common/modules/oracle.jps>
<Sep 6, 2023 6:32:46 PM GMT> <FINEST> <NodeManager> <Environment: SERVER_PID_FILE=/scratch/logs/hello-domain/AdminServer.pid>
<Sep 6, 2023 6:32:46 PM GMT> <FINEST> <NodeManager> <Environment: SERVER_OUT_IN_POD_LOG=true>
<Sep 6, 2023 6:32:46 PM GMT> <FINEST> <NodeManager> <Environment: KUBERNETES_PORT=tcp://10.96.0.1:443>
<Sep 6, 2023 6:32:46 PM GMT> <FINEST> <NodeManager> <Environment: DERBY_SYSTEM_HOME=/u01/domains/hellodomain/common/db>
<Sep 6, 2023 6:32:46 PM GMT> <FINEST> <NodeManager> <Environment: JAVA_HOME=/u01/jdk>
<Sep 6, 2023 6:32:46 PM GMT> <FINEST> <NodeManager> <Environment: TMP_UPDATE_SCRIPT=/tmp/Update.sh>
<Sep 6, 2023 6:32:46 PM GMT> <FINEST> <NodeManager> <Environment: KUBERNETES_SERVICE_HOST=10.96.0.1>
<Sep 6, 2023 6:32:46 PM GMT> <FINEST> <NodeManager> <Environment: NODEMGR_HOME=/u01/nodemanager/hellodomain/AdminServer>
<Sep 6, 2023 6:32:46 PM GMT> <FINEST> <NodeManager> <Environment: SCRIPT_FILE=/u01/oracle/createAndStartEmptyDomain.sh>
<Sep 6, 2023 6:32:46 PM GMT> <FINEST> <NodeManager> <Environment: WDT_INSTALL_HOME=/aux/weblogic-deploy>
<Sep 6, 2023 6:32:46 PM GMT> <FINEST> <NodeManager> <Environment: SERVER_NAME=AdminServer>
<Sep 6, 2023 6:32:46 PM GMT> <FINEST> <NodeManager> <Environment: ORACLE_HOME=/u01/oracle>
<Sep 6, 2023 6:32:46 PM GMT> <FINEST> <NodeManager> <Environment: SHUTDOWN_TYPE=Graceful>
<Sep 6, 2023 6:32:46 PM GMT> <FINEST> <NodeManager> <Environment: _=/u01/jdk/bin/java>
<Sep 6, 2023 6:32:46 PM GMT> <FINEST> <NodeManager> <Environment: AUXILIARY_IMAGE_MOUNT_PATH=/aux>
<Sep 6, 2023 6:32:46 PM GMT> <FINEST> <NodeManager> <Environment: KUBERNETES_PORT_443_TCP_ADDR=10.96.0.1>
<Sep 6, 2023 6:32:46 PM GMT> <FINEST> <NodeManager> <Environment: AUXILIARY_IMAGE_COMMAND_LOGS_DIR=compatibilityModeInitContainerLogs>
<Sep 6, 2023 6:32:46 PM GMT> <FINEST> <NodeManager> <Environment: PATHSEP=:>
<Sep 6, 2023 6:32:46 PM GMT> <FINEST> <NodeManager> <Environment: SHUTDOWN_TIMEOUT=30>
<Sep 6, 2023 6:32:46 PM GMT> <FINEST> <NodeManager> <Environment: DYNAMIC_CONFIG_OVERRIDE=true>
<Sep 6, 2023 6:32:46 PM GMT> <FINEST> <NodeManager> <Environment: CAM_NODEMANAGER_JAR_PATH=/u01/oracle/wlserver/modules/features/oracle.wls.common.nodemanager.jar>
<Sep 6, 2023 6:32:46 PM GMT> <FINEST> <NodeManager> <Environment: KUBERNETES_PORT_443_TCP_PROTO=tcp>
<Sep 6, 2023 6:32:46 PM GMT> <FINEST> <NodeManager> <Environment: ADMINISTRATION_PORT=9002>
<Sep 6, 2023 6:32:46 PM GMT> <FINEST> <NodeManager> <Environment: DOMAIN_UID=hellodomain>
<Sep 6, 2023 6:32:46 PM GMT> <FINEST> <NodeManager> <Environment: DOMAIN_NAME=hellodomain>
<Sep 6, 2023 6:32:46 PM GMT> <FINEST> <NodeManager> <Environment: CLASSPATH=/u01/jdk/lib/tools.jar:>
<Sep 6, 2023 6:32:46 PM GMT> <FINEST> <NodeManager> <Environment: KUBERNETES_SERVICE_PORT=443>
<Sep 6, 2023 6:32:46 PM GMT> <FINEST> <NodeManager> <Environment: DEFAULT_BEA_JAVA_HOME=>
<Sep 6, 2023 6:32:46 PM GMT> <FINEST> <NodeManager> <Environment: LOG_HOME=/scratch/logs/hello-domain>
<Sep 6, 2023 6:32:46 PM GMT> <FINEST> <NodeManager> <Environment: AS_SERVICE_NAME=hellodomain-adminserver>
<Sep 6, 2023 6:32:46 PM GMT> <FINEST> <NodeManager> <Environment: OPSS_KEY_PASSPHRASE=/weblogic-operator/opss-walletkey-secret/walletPassword>
<Sep 6, 2023 6:32:46 PM GMT> <FINEST> <NodeManager> <Environment: SUN_JAVA_HOME=/u01/jdk>
<Sep 6, 2023 6:32:46 PM GMT> <FINEST> <NodeManager> <Environment: HOSTNAME=hellodomain-adminserver>
<Sep 6, 2023 6:32:46 PM GMT> <FINEST> <NodeManager> <Environment: CLASSPATHSEP=:>
<Sep 6, 2023 6:32:46 PM GMT> <FINEST> <NodeManager> <Environment: KUBERNETES_PORT_443_TCP_PORT=443>
<Sep 6, 2023 6:32:46 PM GMT> <FINEST> <NodeManager> <Environment: HOME=/home/oracle>
<Sep 6, 2023 6:32:46 PM GMT> <FINEST> <NodeManager> <Environment: UTILS_MEM_ARGS= >
<Sep 6, 2023 6:32:46 PM GMT> <FINEST> <NodeManager> <Environment: LOCAL_ADMIN_PROTOCOL=t3>
<Sep 6, 2023 6:32:46 PM GMT> <INFO> <NodeManager> <Working directory is '/u01/domains/hellodomain'>
<Sep 6, 2023 6:32:46 PM GMT> <INFO> <NodeManager> <Server output log file is '/scratch/logs/hello-domain/AdminServer.out'>
.
.
JAVA Memory arguments:  
.
CLASSPATH=/u01/jdk/lib/tools.jar:/u01/oracle/wlserver/server/lib/weblogic.jar:/u01/oracle/wlserver/../oracle_common/modules/thirdparty/ant-contrib-1.0b3.jar:/u01/oracle/wlserver/modules/features/oracle.wls.common.nodemanager.jar::/u01/oracle/wlserver/common/derby/lib/derbynet.jar:/u01/oracle/wlserver/common/derby/lib/derbyclient.jar:/u01/oracle/wlserver/common/derby/lib/derby.jar:/u01/jdk/lib/tools.jar:
.
PATH=/u01/domains/hellodomain/bin:/u01/oracle/wlserver/server/bin:/u01/oracle/wlserver/../oracle_common/modules/thirdparty/org.apache.ant/1.10.5.0.0/apache-ant-1.10.5/bin:/u01/jdk/jre/bin:/u01/jdk/bin:/u01/jdk/jre/bin:/u01/jdk/bin:/usr/local/sbin:/usr/local/bin:/usr/sbin:/usr/bin:/sbin:/bin:/u01/jdk/bin:/u01/oracle/oracle_common/common/bin:/u01/oracle:/usr/java/default/bin:/u01/oracle/oracle_common/common/bin:
.
***************************************************
*  To start WebLogic Server, use a username and   *
*  password assigned to an admin-level user.  For *
*  server administration, use the WebLogic Server *
*  console at http://hostname:port/console        *
***************************************************
Starting WLS with line:
/u01/jdk/bin/java -server     -cp /u01/oracle/wlserver/server/lib/weblogic-launcher.jar -Dlaunch.use.env.classpath=true -Dweblogic.Name=AdminServer -Djava.security.policy=/u01/oracle/wlserver/server/lib/weblogic.policy  -Dweblogic.ProductionModeEnabled=true -Dweblogic.system.BootIdentityFile=/u01/domains/hellodomain/servers/AdminServer/security/boot.properties -Dweblogic.nodemanager.ServiceEnabled=true -Dweblogic.nmservice.RotationEnabled=true -Djava.security.egd=file:/dev/./urandom -Xms64m -Xmx256m   -Dweblogic.Stdout=/scratch/logs/hello-domain/AdminServer.out -XX:+CrashOnOutOfMemoryError -Dweblogic.StdoutDebugEnabled=false -Djava.system.class.loader=com.oracle.classloader.weblogic.LaunchClassLoader  -javaagent:/u01/oracle/wlserver/server/lib/debugpatch-agent.jar -da -Dwls.home=/u01/oracle/wlserver/server -Dweblogic.home=/u01/oracle/wlserver/server      weblogic.Server
<Sep 6, 2023 6:32:49 PM GMT> <Info> <Security> <BEA-090905> <Disabling the CryptoJ JCE Provider self-integrity check for better startup performance. To enable this check, specify -Dweblogic.security.allowCryptoJDefaultJCEVerification=true.> 
<Sep 6, 2023 6:32:49 PM GMT> <Info> <Security> <BEA-090906> <Changing the default Random Number Generator in RSA CryptoJ from ECDRBG128 to HMACDRBG. To disable this change, specify -Dweblogic.security.allowCryptoJDefaultPRNG=true.> 
<Sep 6, 2023 6:32:50 PM GMT> <Info> <WebLogicServer> <BEA-000377> <Starting WebLogic Server with Java HotSpot(TM) 64-Bit Server VM Version 25.381-b25 from Oracle Corporation.> 
<Sep 6, 2023 6:32:50 PM GMT> <Info> <RCM> <BEA-2165021> <"ResourceManagement" is not enabled in this JVM. Enable "ResourceManagement" to use the WebLogic Server "Resource Consumption Management" feature. To enable "ResourceManagement", you must specify the following JVM options in the WebLogic Server instance in which the JVM runs: -XX:+UnlockCommercialFeatures -XX:+ResourceManagement.> 
<Sep 6, 2023 6:32:50 PM GMT> <Info> <Management> <BEA-141107> <Version: WebLogic Server 12.2.1.4.0 Thu Sep 12 04:04:29 GMT 2019 1974621> 
<Sep 6, 2023 6:32:52 PM GMT> <Notice> <WebLogicServer> <BEA-000365> <Server state changed to STARTING.> 
<Sep 6, 2023 6:32:52 PM GMT> <Info> <WorkManager> <BEA-002900> <Initializing self-tuning thread pool.> 
<Sep 6, 2023 6:32:52 PM GMT> <Info> <WorkManager> <BEA-002942> <CMM memory level becomes 0. Setting standby thread pool size to 256.> 
<Sep 6, 2023 6:32:53,649 PM GMT> <Notice> <Log Management> <BEA-170019> <The server log file weblogic.logging.FileStreamHandler instance=234183253
Current log file=/scratch/logs/hello-domain/AdminServer.log
Rotation dir=/scratch/logs/hello-domain
 is opened. All server side log events will be written to this file.> 
<Sep 6, 2023 6:32:53,903 PM GMT> <Notice> <Security> <BEA-090946> <Security pre-initializing using security realm: myrealm> 
<Sep 6, 2023 6:32:55,160 PM GMT> <Notice> <Security> <BEA-090947> <Security post-initializing using security realm: myrealm> 
<Sep 6, 2023 6:32:56,516 PM GMT> <Notice> <Security> <BEA-090082> <Security initialized using administrative security realm: myrealm> 
<Sep 6, 2023 6:32:57,452 PM GMT> <Notice> <JMX> <BEA-149512> <JMX Connector Server started at service:jmx:iiop://hellodomain-adminserver:7001/jndi/weblogic.management.mbeanservers.runtime.> 
<Sep 6, 2023 6:32:58,076 PM GMT> <Notice> <JMX> <BEA-149512> <JMX Connector Server started at service:jmx:iiop://hellodomain-adminserver:7001/jndi/weblogic.management.mbeanservers.edit.> 
<Sep 6, 2023 6:32:58,105 PM GMT> <Notice> <JMX> <BEA-149512> <JMX Connector Server started at service:jmx:iiop://hellodomain-adminserver:7001/jndi/weblogic.management.mbeanservers.domainruntime.> 
<Sep 6, 2023 6:33:00,008 PM GMT> <Notice> <WebLogicServer> <BEA-000365> <Server state changed to STANDBY.> 
<Sep 6, 2023 6:33:00,013 PM GMT> <Notice> <WebLogicServer> <BEA-000365> <Server state changed to STARTING.> 
<Sep 6, 2023 6:33:00,092 PM GMT> <Notice> <Log Management> <BEA-170036> <The Logging monitoring service timer has started to check for logged message counts every 30 seconds.> 
<Sep 6, 2023 6:33:06,709 PM GMT> <Notice> <Log Management> <BEA-170027> <The server has successfully established a connection with the Domain level Diagnostic Service.> 
<Sep 6, 2023 6:33:08,327 PM GMT> <Notice> <WebLogicServer> <BEA-000365> <Server state changed to ADMIN.> 
<Sep 6, 2023 6:33:08,411 PM GMT> <Notice> <WebLogicServer> <BEA-000365> <Server state changed to RESUMING.> 
<Sep 6, 2023 6:33:08,558 PM GMT> <Notice> <WebLogicServer> <BEA-000329> <Started the WebLogic Server Administration Server "AdminServer" for domain "hellodomain" running in production mode.> 
<Sep 6, 2023 6:33:08,558 PM GMT> <Notice> <Server> <BEA-002613> <Channel "internal-t3" is now listening on 127.0.0.1:7001 for protocols t3, http.> 
<Sep 6, 2023 6:33:08,559 PM GMT> <Notice> <Server> <BEA-002613> <Channel "Default" is now listening on 10.244.0.50:7001 for protocols iiop, t3, ldap, snmp, http.> 
<Sep 6, 2023 6:33:08,560 PM GMT> <Notice> <Server> <BEA-002613> <Channel "internal-t3" is now listening on 127.0.0.1:7001 for protocols t3, http.> 
<Sep 6, 2023 6:33:08,560 PM GMT> <Notice> <Server> <BEA-002613> <Channel "Default" is now listening on 10.244.0.50:7001 for protocols iiop, t3, ldap, snmp, http.> 
<Sep 6, 2023 6:33:08,577 PM GMT> <Notice> <WebLogicServer> <BEA-000360> <The server started in RUNNING mode.> 
<Sep 6, 2023 6:33:08,601 PM GMT> <Notice> <WebLogicServer> <BEA-000365> <Server state changed to RUNNING.> 
2023-09-06 18:33:11.090/24.010 Oracle Coherence 12.2.1.4.0 <Info> (thread=[STANDBY] ExecuteThread: '3' for queue: 'weblogic.kernel.Default (self-tuning)', member=n/a): Loaded operational configuration from "jar:file:/u01/oracle/coherence/lib/coherence.jar!/tangosol-coherence.xml"
2023-09-06 18:33:11.163/24.084 Oracle Coherence 12.2.1.4.0 <Info> (thread=[STANDBY] ExecuteThread: '3' for queue: 'weblogic.kernel.Default (self-tuning)', member=n/a): Loaded operational overrides from "jar:file:/u01/oracle/coherence/lib/coherence.jar!/tangosol-coherence-override-dev.xml"
2023-09-06 18:33:11.171/24.092 Oracle Coherence 12.2.1.4.0 <Info> (thread=[STANDBY] ExecuteThread: '3' for queue: 'weblogic.kernel.Default (self-tuning)', member=n/a): Optional configuration override "/tangosol-coherence-override.xml" is not specified
2023-09-06 18:33:11.182/24.103 Oracle Coherence 12.2.1.4.0 <Info> (thread=[STANDBY] ExecuteThread: '3' for queue: 'weblogic.kernel.Default (self-tuning)', member=n/a): Optional configuration override "cache-factory-config.xml" is not specified
2023-09-06 18:33:11.189/24.109 Oracle Coherence 12.2.1.4.0 <Info> (thread=[STANDBY] ExecuteThread: '3' for queue: 'weblogic.kernel.Default (self-tuning)', member=n/a): Optional configuration override "cache-factory-builder-config.xml" is not specified
2023-09-06 18:33:11.195/24.116 Oracle Coherence 12.2.1.4.0 <Info> (thread=[STANDBY] ExecuteThread: '3' for queue: 'weblogic.kernel.Default (self-tuning)', member=n/a): Optional configuration override "/custom-mbeans.xml" is not specified

Oracle Coherence Version 12.2.1.4.0 Build 74888
 Grid Edition: Development mode
Copyright (c) 2000, 2019, Oracle and/or its affiliates. All rights reserved.

2023-09-06 18:33:11.310/24.230 Oracle Coherence GE 12.2.1.4.0 <Info> (thread=[STANDBY] ExecuteThread: '3' for queue: 'weblogic.kernel.Default (self-tuning)', member=n/a): Configured versioned, multi-cluster Management over ReST
