NODEMGR_HOME is already set to /u01/nodemanager/hellodomain/AdminServer
CLASSPATH=/u01/jdk/lib/tools.jar:/u01/oracle/wlserver/server/lib/weblogic.jar:/u01/oracle/wlserver/../oracle_common/modules/thirdparty/ant-contrib-1.0b3.jar:/u01/oracle/wlserver/modules/features/oracle.wls.common.nodemanager.jar::/u01/oracle/wlserver/..:/u01/oracle/wlserver/modules/features/oracle.wls.common.grizzly.jar
+ /u01/jdk/bin/java -DLogFile=/scratch/logs/hello-domain/AdminServer_nodemanager.log -DNodeManagerHome=/u01/nodemanager/hellodomain/AdminServer -server -Djdk.tls.ephemeralDHKeySize=2048 -Dcoherence.home=/u01/oracle/wlserver/../coherence -Dbea.home=/u01/oracle/wlserver/.. -Xms64m -Xmx100m -Djava.security.egd=file:/dev/./urandom -XX:+CrashOnOutOfMemoryError -Dweblogic.StdoutDebugEnabled=false -Dweblogic.RootDirectory=/u01/domains/hellodomain -Djava.system.class.loader=com.oracle.classloader.weblogic.LaunchClassLoader -Djava.security.policy=/u01/oracle/wlserver/server/lib/weblogic.policy -Dweblogic.nodemanager.JavaHome=/u01/jdk weblogic.NodeManager -v
<Sep 6, 2023 6:32:32 PM GMT> <INFO> <Loading domains file: /u01/nodemanager/hellodomain/AdminServer/nodemanager.domains>
<Sep 6, 2023 6:32:33 PM GMT> <INFO> <Upgrade> <Setting NodeManager properties version to 12.2.1.4.0>
<Sep 6, 2023 6:32:33 PM GMT> <INFO> <Upgrade> <Saving upgraded NodeManager properties to '/u01/nodemanager/hellodomain/AdminServer/nodemanager.properties'>
<Sep 6, 2023 6:32:33 PM GMT> <INFO> <Loading domains file: /u01/nodemanager/hellodomain/AdminServer/nodemanager.domains>
<Sep 6, 2023 6:32:33 PM GMT> <INFO> <Loaded NodeManager configuration properties from '/u01/nodemanager/hellodomain/AdminServer/nodemanager.properties'>
Node manager v12.2.1.4.0

Configuration settings:

DomainsFile=/u01/nodemanager/hellodomain/AdminServer/nodemanager.domains
LogLimit=0
DomainsDirRemoteSharingEnabled=true
AuthenticationEnabled=false
LogLevel=FINEST
DomainsFileEnabled=true
ListenAddress=127.0.0.1
NativeVersionEnabled=true
ProcessDestroyTimeout=20000
ListenPort=5556
LogToStderr=true
weblogic.StartScriptName=startWebLogic.sh
SecureListener=false
LogCount=1
LogAppend=true
weblogic.StopScriptEnabled=false
StateCheckInterval=500
CrashRecoveryEnabled=false
weblogic.StartScriptEnabled=true
LogFile=/scratch/logs/hello-domain/AdminServer_nodemanager.log
LogFormatter=weblogic.nodemanager.server.LogFormatter
coherence.StartScriptEnabled=false
ListenBacklog=50
NodeManagerHome=/u01/nodemanager/hellodomain/AdminServer
RestEnabled=false
isLogLockingEnabled=true
weblogic.startup.JavaHome=/u01/jdk
weblogic.startup.MW_Home=
coherence.startup.JavaHome=/u01/jdk
coherence.startup.MW_Home=

Domain name mappings:

hellodomain -> /u01/domains/hellodomain

<Sep 6, 2023 6:32:33 PM GMT> <INFO> <12.2.1.4.0>
<Sep 6, 2023 6:32:33 PM GMT> <INFO> <hellodomain> <AdminServer> <Startup configuration properties loaded from "/u01/domains/hellodomain/servers/AdminServer/data/nodemanager/startup.properties">
<Sep 6, 2023 6:32:33 PM GMT> <FINEST> <hellodomain> <AdminServer> < Lock file /u01/domains/hellodomain/servers/AdminServer/data/nodemanager/AdminServer.lck exists:false>
<Sep 6, 2023 6:32:33 PM GMT> <FINEST> <hellodomain> <AdminServer> < Is the server managed by this host? true>
<Sep 6, 2023 6:32:33 PM GMT> <FINEST> <hellodomain> <AdminServer> <Server AdminServer's state file /u01/domains/hellodomain/servers/AdminServer/data/nodemanager/AdminServer.state either does not exist or cannot read/write. skip adjusting state.>
<Sep 6, 2023 6:32:33 PM GMT> <INFO> <Server Implementation Class: weblogic.nodemanager.server.NMServer$ClassicServer.>
<Sep 6, 2023 6:32:33 PM GMT> <INFO> <Plain socket listener started on port 5556, host /127.0.0.1>
<Sep 6, 2023 6:32:46 PM GMT> <FINE> <hellodomain> <States = {AdminServer=UNKNOWN}>
<Sep 6, 2023 6:32:46 PM GMT> <FINE> <hellodomain> <Coherence States = {}>
<Sep 6, 2023 6:32:46 PM GMT> <INFO> <hellodomain> <AdminServer> <Creating directory "/u01/domains/hellodomain/servers/AdminServer/logs">
<Sep 6, 2023 6:32:46 PM GMT> <INFO> <hellodomain> <AdminServer> <Creating directory "/u01/domains/hellodomain/servers/AdminServer/tmp">
<Sep 6, 2023 6:32:46 PM GMT> <INFO> <hellodomain> <AdminServer> <Startup configuration properties saved to "/u01/domains/hellodomain/servers/AdminServer/data/nodemanager/startup.properties">
<Sep 6, 2023 6:32:46 PM GMT> <INFO> <hellodomain> <AdminServer> <Starting WebLogic server with command line: /u01/domains/hellodomain/bin/startWebLogic.sh >
<Sep 6, 2023 6:32:46 PM GMT> <FINEST> <hellodomain> <AdminServer> <Environment: DOMAIN_SOURCE_TYPE=FromModel>
<Sep 6, 2023 6:32:46 PM GMT> <FINEST> <hellodomain> <AdminServer> <Environment: PATH=/u01/jdk/jre/bin:/u01/jdk/bin:/usr/local/sbin:/usr/local/bin:/usr/sbin:/usr/bin:/sbin:/bin:/u01/jdk/bin:/u01/oracle/oracle_common/common/bin:/u01/oracle:/usr/java/default/bin:/u01/oracle/oracle_common/common/bin:>
<Sep 6, 2023 6:32:46 PM GMT> <FINEST> <hellodomain> <AdminServer> <Environment: JAVA_PROPERTIES=-DLogFile=/scratch/logs/hello-domain/AdminServer_nodemanager.log -DNodeManagerHome=/u01/nodemanager/hellodomain/AdminServer>
<Sep 6, 2023 6:32:46 PM GMT> <FINEST> <hellodomain> <AdminServer> <Environment: ADMIN_LISTEN_PORT=7001>
<Sep 6, 2023 6:32:46 PM GMT> <FINEST> <hellodomain> <AdminServer> <Environment: JRE_HOME=/u01/jdk/jre>
<Sep 6, 2023 6:32:46 PM GMT> <FINEST> <hellodomain> <AdminServer> <Environment: ADMIN_PASSWORD=>
<Sep 6, 2023 6:32:46 PM GMT> <FINEST> <hellodomain> <AdminServer> <Environment: LD_LIBRARY_PATH=/u01/oracle/oracle_common/adr:>
<Sep 6, 2023 6:32:46 PM GMT> <FINEST> <hellodomain> <AdminServer> <Environment: LOG_HOME_LAYOUT=Flat>
<Sep 6, 2023 6:32:46 PM GMT> <FINEST> <hellodomain> <AdminServer> <Environment: WDT_MODEL_HOME=/aux/models>
<Sep 6, 2023 6:32:46 PM GMT> <FINEST> <hellodomain> <AdminServer> <Environment: WDT_MODEL_SECRETS_NAME_DIR_PAIRS=__weblogic-credentials__=/weblogic-operator/secrets,__WEBLOGIC-CREDENTIALS__=/weblogic-operator/secrets>
<Sep 6, 2023 6:32:46 PM GMT> <FINEST> <hellodomain> <AdminServer> <Environment: LOCAL_ADMIN_PORT=7001>
<Sep 6, 2023 6:32:46 PM GMT> <FINEST> <hellodomain> <AdminServer> <Environment: PWD=/u01/nodemanager/hellodomain/AdminServer>
<Sep 6, 2023 6:32:46 PM GMT> <FINEST> <hellodomain> <AdminServer> <Environment: SHUTDOWN_MARKER_FILE=/scratch/logs/hello-domain/AdminServer.shutdown>
<Sep 6, 2023 6:32:46 PM GMT> <FINEST> <hellodomain> <AdminServer> <Environment: KUBERNETES_PORT_443_TCP=tcp://10.96.0.1:443>
<Sep 6, 2023 6:32:46 PM GMT> <FINEST> <hellodomain> <AdminServer> <Environment: MEM_ARGS= >
<Sep 6, 2023 6:32:46 PM GMT> <FINEST> <hellodomain> <AdminServer> <Environment: SERVICE_NAME=hellodomain-adminserver>
<Sep 6, 2023 6:32:46 PM GMT> <FINEST> <hellodomain> <AdminServer> <Environment: HEALTH_SCRIPT_FILE=/u01/oracle/get_healthcheck_url.sh>
<Sep 6, 2023 6:32:46 PM GMT> <FINEST> <hellodomain> <AdminServer> <Environment: JAVA_VM=-server>
<Sep 6, 2023 6:32:46 PM GMT> <FINEST> <hellodomain> <AdminServer> <Environment: SERVER_OUT_FILE=/scratch/logs/hello-domain/AdminServer.out>
<Sep 6, 2023 6:32:46 PM GMT> <FINEST> <hellodomain> <AdminServer> <Environment: USER_MEM_ARGS= >
<Sep 6, 2023 6:32:46 PM GMT> <FINEST> <hellodomain> <AdminServer> <Environment: OLDPWD=/>
<Sep 6, 2023 6:32:46 PM GMT> <FINEST> <hellodomain> <AdminServer> <Environment: DOMAIN_HOME=/u01/domains/hellodomain>
<Sep 6, 2023 6:32:46 PM GMT> <FINEST> <hellodomain> <AdminServer> <Environment: INTERNAL_OPERATOR_CERT=LS0tLS1CRUdJTiBDRVJUSUZJQ0FURS0tLS0tCk1JSUVhVENDQTFHZ0F3SUJBZ0lHQVlwcTdTc3VNQTBHQ1NxR1NJYjNEUUVCQ3dVQU1INHhHakFZQmdOVkJBTU0KRVhkbFlteHZaMmxqTFc5d1pYSmhkRzl5TVFzd0NRWURWUVFHRXdKVlV6RVRNQkVHQTFVRUNBd0tRMEZNU1VaUApVazVKUVRFVk1CTUdBMVVFQnd3TVVrVkVWMDlQUkNCRFNWUlpNUkV3RHdZRFZRUUtEQWhYWldKTWIyZHBZekVVCk1CSUdBMVVFQ3d3TFJHVjJaV3h2Y0cxbGJuUXdIaGNOTWpNd09UQTJNVFF6TnpJeVdoY05Nek13T1RBek1UUXoKTnpJeVdqQitNUm93R0FZRFZRUUREQkYzWldKc2IyZHBZeTF2Y0dWeVlYUnZjakVMTUFrR0ExVUVCaE1DVlZNeApFekFSQmdOVkJBZ01Da05CVEVsR1QxSk9TVUV4RlRBVEJnTlZCQWNNREZKRlJGZFBUMFFnUTBsVVdURVJNQThHCkExVUVDZ3dJVjJWaVRHOW5hV014RkRBU0JnTlZCQXNNQzBSbGRtVnNiM0J0Wlc1ME1JSUJJREFOQmdrcWhraUcKOXcwQkFRRUZBQU9DQVEwQU1JSUJDQUtDQVFFQWxKd1VxS0hEdFg5bXB3S2pqVWo0L3psL2xFM1VlcFlJTFcwZApkSHFLYnRhcjlINDVSWXNFRzg1ZHQyZld4VlFGUURpR3FzaXR5N2dEWnY2QmY4SXprTG1RUFNMU1F0V25NKzVoCmY2TEdZL1N2ajdPZ0ErWDVMRDI2aWxHTFhhQnNxd2ttcDJtZGxzT0VFZVZRa0RXUHBoamE3UHEvMXZ3TklOSnQKa1A2czBXQm9hYUpaZ2FIK2JMUGpRUFlxb0kwWG1ja0svLzhsWS9Ya3hOaHpyWFpZbGdpU1FYaXlpMUxQVXZqRQpZQUNaRVdCUUx1NURBMEg2cFhMamU1T3QyNUdESkxMb3BBT1JjK21zbXAvZVptK3pOT0tNY2h0a0VtNzZoQjVMClFkNnBBOHlkY3I0bVFjN0RET21pMGQzcEtpaG16VE5FQVVoQXAzWXh6Wk9jYklyMXZRSUJBNk9CN2pDQjZ6QVAKQmdOVkhSTUJBZjhFQlRBREFRSC9NSUhYQmdOVkhSRUVnYzh3Z2N5Q0htbHVkR1Z5Ym1Gc0xYZGxZbXh2WjJsagpMVzl3WlhKaGRHOXlMWE4yWTRJd2FXNTBaWEp1WVd3dGQyVmliRzluYVdNdGIzQmxjbUYwYjNJdGMzWmpMblpsCmNuSmhlbnBoYm04dGMzbHpkR1Z0Z2pScGJuUmxjbTVoYkMxM1pXSnNiMmRwWXkxdmNHVnlZWFJ2Y2kxemRtTXUKZG1WeWNtRjZlbUZ1YnkxemVYTjBaVzB1YzNaamdrSnBiblJsY201aGJDMTNaV0pzYjJkcFl5MXZjR1Z5WVhSdgpjaTF6ZG1NdWRtVnljbUY2ZW1GdWJ5MXplWE4wWlcwdWMzWmpMbU5zZFhOMFpYSXViRzlqWVd3d0RRWUpLb1pJCmh2Y05BUUVMQlFBRGdnRUJBRDJtUTBtV0JPVHNpMG93MFV4eUNqbHdTQ1piV1BSaXZuaG1uUmZld1dtbm5hTkwKQksvOUQzN3ZzZGZ4eXQxWWJTT3FNT2FtZ3dRalZ2QWNHVmtHT3M1QVZGVFY2dzNjRjZaTFozcmdEZkM0MTA4QgorZTdUYWprYTFrSmFwWmluL25FcW5WOUdTb1o2RDY4MzQ3UFZvRk1vNW81bWIraUg3cE9iNm1FSkdoR3llbHRPCmJ6eU16ZkVJRUp4T2hGWjg2U1pwRGcrVVV4ZXZLcmduSDFCbW5CZDc1N3BhTGxPNEppa3M5dEZ0QThXU0tidWMKVGhiaXlOOXRFdkZUQkdVaCs4N1Zjb0x5NkMxNjVGMmJWWUczcWYyemhKMVpjbFZaUEZiUExOSVRDbFVlY2dBTApPWlp3THZpRjRlK2hnd2JRSklaU2JwOXpnc2FreUVyZUhTTkNQWVk9Ci0tLS0tRU5EIENFUlRJRklDQVRFLS0tLS0K>
<Sep 6, 2023 6:32:46 PM GMT> <FINEST> <hellodomain> <AdminServer> <Environment: BEA_JAVA_HOME=>
<Sep 6, 2023 6:32:46 PM GMT> <FINEST> <hellodomain> <AdminServer> <Environment: ADMINISTRATION_PORT_ENABLED=true>
<Sep 6, 2023 6:32:46 PM GMT> <FINEST> <hellodomain> <AdminServer> <Environment: ADMIN_NAME=AdminServer>
<Sep 6, 2023 6:32:46 PM GMT> <FINEST> <hellodomain> <AdminServer> <Environment: DEFAULT_SUN_JAVA_HOME=/u01/jdk>
<Sep 6, 2023 6:32:46 PM GMT> <FINEST> <hellodomain> <AdminServer> <Environment: JAVA_OPTIONS=-Dweblogic.system.BootIdentityFile=/u01/domains/hellodomain/servers/AdminServer/security/boot.properties -Dweblogic.nodemanager.ServiceEnabled=true -Dweblogic.nmservice.RotationEnabled=true -Djava.security.egd=file:/dev/./urandom -Xms64m -Xmx256m   -Dweblogic.Stdout=/scratch/logs/hello-domain/AdminServer.out -XX:+CrashOnOutOfMemoryError -Dweblogic.StdoutDebugEnabled=false>
<Sep 6, 2023 6:32:46 PM GMT> <FINEST> <hellodomain> <AdminServer> <Environment: KUBERNETES_SERVICE_PORT_HTTPS=443>
<Sep 6, 2023 6:32:46 PM GMT> <FINEST> <hellodomain> <AdminServer> <Environment: SHUTDOWN_IGNORE_SESSIONS=false>
<Sep 6, 2023 6:32:46 PM GMT> <FINEST> <hellodomain> <AdminServer> <Environment: ADMIN_USERNAME=>
<Sep 6, 2023 6:32:46 PM GMT> <FINEST> <hellodomain> <AdminServer> <Environment: SHLVL=2>
<Sep 6, 2023 6:32:46 PM GMT> <FINEST> <hellodomain> <AdminServer> <Environment: ADMIN_PORT=7001>
<Sep 6, 2023 6:32:46 PM GMT> <FINEST> <hellodomain> <AdminServer> <Environment: SECURITY_JVM_ARGS=-Dweblogic.alternateTypesDirectory='/u01/oracle/wlserver/..'/oracle_common/modules/oracle.oamprovider,'/u01/oracle/wlserver/..'/oracle_common/modules/oracle.jps>
<Sep 6, 2023 6:32:46 PM GMT> <FINEST> <hellodomain> <AdminServer> <Environment: SERVER_PID_FILE=/scratch/logs/hello-domain/AdminServer.pid>
<Sep 6, 2023 6:32:46 PM GMT> <FINEST> <hellodomain> <AdminServer> <Environment: SERVER_OUT_IN_POD_LOG=true>
<Sep 6, 2023 6:32:46 PM GMT> <FINEST> <hellodomain> <AdminServer> <Environment: KUBERNETES_PORT=tcp://10.96.0.1:443>
<Sep 6, 2023 6:32:46 PM GMT> <FINEST> <hellodomain> <AdminServer> <Environment: DERBY_SYSTEM_HOME=/u01/domains/hellodomain/common/db>
<Sep 6, 2023 6:32:46 PM GMT> <FINEST> <hellodomain> <AdminServer> <Environment: JAVA_HOME=/u01/jdk>
<Sep 6, 2023 6:32:46 PM GMT> <FINEST> <hellodomain> <AdminServer> <Environment: TMP_UPDATE_SCRIPT=/tmp/Update.sh>
<Sep 6, 2023 6:32:46 PM GMT> <FINEST> <hellodomain> <AdminServer> <Environment: KUBERNETES_SERVICE_HOST=10.96.0.1>
<Sep 6, 2023 6:32:46 PM GMT> <FINEST> <hellodomain> <AdminServer> <Environment: NODEMGR_HOME=/u01/nodemanager/hellodomain/AdminServer>
<Sep 6, 2023 6:32:46 PM GMT> <FINEST> <hellodomain> <AdminServer> <Environment: SCRIPT_FILE=/u01/oracle/createAndStartEmptyDomain.sh>
<Sep 6, 2023 6:32:46 PM GMT> <FINEST> <hellodomain> <AdminServer> <Environment: WDT_INSTALL_HOME=/aux/weblogic-deploy>
<Sep 6, 2023 6:32:46 PM GMT> <FINEST> <hellodomain> <AdminServer> <Environment: SERVER_NAME=AdminServer>
<Sep 6, 2023 6:32:46 PM GMT> <FINEST> <hellodomain> <AdminServer> <Environment: ORACLE_HOME=/u01/oracle>
<Sep 6, 2023 6:32:46 PM GMT> <FINEST> <hellodomain> <AdminServer> <Environment: SHUTDOWN_TYPE=Graceful>
<Sep 6, 2023 6:32:46 PM GMT> <FINEST> <hellodomain> <AdminServer> <Environment: _=/u01/jdk/bin/java>
<Sep 6, 2023 6:32:46 PM GMT> <FINEST> <hellodomain> <AdminServer> <Environment: AUXILIARY_IMAGE_MOUNT_PATH=/aux>
<Sep 6, 2023 6:32:46 PM GMT> <FINEST> <hellodomain> <AdminServer> <Environment: KUBERNETES_PORT_443_TCP_ADDR=10.96.0.1>
<Sep 6, 2023 6:32:46 PM GMT> <FINEST> <hellodomain> <AdminServer> <Environment: AUXILIARY_IMAGE_COMMAND_LOGS_DIR=compatibilityModeInitContainerLogs>
<Sep 6, 2023 6:32:46 PM GMT> <FINEST> <hellodomain> <AdminServer> <Environment: PATHSEP=:>
<Sep 6, 2023 6:32:46 PM GMT> <FINEST> <hellodomain> <AdminServer> <Environment: SHUTDOWN_TIMEOUT=30>
<Sep 6, 2023 6:32:46 PM GMT> <FINEST> <hellodomain> <AdminServer> <Environment: DYNAMIC_CONFIG_OVERRIDE=true>
<Sep 6, 2023 6:32:46 PM GMT> <FINEST> <hellodomain> <AdminServer> <Environment: CAM_NODEMANAGER_JAR_PATH=/u01/oracle/wlserver/modules/features/oracle.wls.common.nodemanager.jar>
<Sep 6, 2023 6:32:46 PM GMT> <FINEST> <hellodomain> <AdminServer> <Environment: KUBERNETES_PORT_443_TCP_PROTO=tcp>
<Sep 6, 2023 6:32:46 PM GMT> <FINEST> <hellodomain> <AdminServer> <Environment: ADMINISTRATION_PORT=9002>
<Sep 6, 2023 6:32:46 PM GMT> <FINEST> <hellodomain> <AdminServer> <Environment: DOMAIN_UID=hellodomain>
<Sep 6, 2023 6:32:46 PM GMT> <FINEST> <hellodomain> <AdminServer> <Environment: DOMAIN_NAME=hellodomain>
<Sep 6, 2023 6:32:46 PM GMT> <FINEST> <hellodomain> <AdminServer> <Environment: CLASSPATH=/u01/jdk/lib/tools.jar:>
<Sep 6, 2023 6:32:46 PM GMT> <FINEST> <hellodomain> <AdminServer> <Environment: KUBERNETES_SERVICE_PORT=443>
<Sep 6, 2023 6:32:46 PM GMT> <FINEST> <hellodomain> <AdminServer> <Environment: DEFAULT_BEA_JAVA_HOME=>
<Sep 6, 2023 6:32:46 PM GMT> <FINEST> <hellodomain> <AdminServer> <Environment: LOG_HOME=/scratch/logs/hello-domain>
<Sep 6, 2023 6:32:46 PM GMT> <FINEST> <hellodomain> <AdminServer> <Environment: AS_SERVICE_NAME=hellodomain-adminserver>
<Sep 6, 2023 6:32:46 PM GMT> <FINEST> <hellodomain> <AdminServer> <Environment: OPSS_KEY_PASSPHRASE=/weblogic-operator/opss-walletkey-secret/walletPassword>
<Sep 6, 2023 6:32:46 PM GMT> <FINEST> <hellodomain> <AdminServer> <Environment: SUN_JAVA_HOME=/u01/jdk>
<Sep 6, 2023 6:32:46 PM GMT> <FINEST> <hellodomain> <AdminServer> <Environment: HOSTNAME=hellodomain-adminserver>
<Sep 6, 2023 6:32:46 PM GMT> <FINEST> <hellodomain> <AdminServer> <Environment: CLASSPATHSEP=:>
<Sep 6, 2023 6:32:46 PM GMT> <FINEST> <hellodomain> <AdminServer> <Environment: KUBERNETES_PORT_443_TCP_PORT=443>
<Sep 6, 2023 6:32:46 PM GMT> <FINEST> <hellodomain> <AdminServer> <Environment: HOME=/home/oracle>
<Sep 6, 2023 6:32:46 PM GMT> <FINEST> <hellodomain> <AdminServer> <Environment: UTILS_MEM_ARGS= >
<Sep 6, 2023 6:32:46 PM GMT> <FINEST> <hellodomain> <AdminServer> <Environment: LOCAL_ADMIN_PROTOCOL=t3>
<Sep 6, 2023 6:32:46 PM GMT> <INFO> <hellodomain> <AdminServer> <Working directory is '/u01/domains/hellodomain'>
<Sep 6, 2023 6:32:46 PM GMT> <INFO> <hellodomain> <AdminServer> <Server output log file is '/scratch/logs/hello-domain/AdminServer.out'>
<Sep 6, 2023 6:32:46 PM GMT> <FINEST> <hellodomain> <AdminServer> <Wrote process id 1884>
<Sep 6, 2023 6:33:08 PM GMT> <INFO> <hellodomain> <AdminServer> <The server 'AdminServer' is running now.>
<Sep 6, 2023 6:33:08 PM GMT> <FINE> <NM Command(s) processing completed>
